exports[`initialState matches snapshot 1`] = `
Object {
  "currentSound": null,
  "isPlaying": false,
}
`;
